mode: set
FinalThreeLayer/service/taskService.go:12.51,14.2 1 1
FinalThreeLayer/service/taskService.go:16.67,19.2 1 1
FinalThreeLayer/service/taskService.go:21.71,24.2 1 1
FinalThreeLayer/service/taskService.go:26.65,27.22 1 1
FinalThreeLayer/service/taskService.go:27.22,29.3 1 1
FinalThreeLayer/service/taskService.go:30.2,30.40 1 1
FinalThreeLayer/service/taskService.go:33.55,34.13 1 1
FinalThreeLayer/service/taskService.go:34.13,36.3 1 1
FinalThreeLayer/service/taskService.go:37.2,37.38 1 1
FinalThreeLayer/service/taskService.go:40.55,42.13 1 1
FinalThreeLayer/service/taskService.go:42.13,44.3 1 1
FinalThreeLayer/service/taskService.go:45.2,45.38 1 1
FinalThreeLayer/service/task_store_mock.go:32.63,36.2 3 1
FinalThreeLayer/service/task_store_mock.go:39.61,41.2 1 1
FinalThreeLayer/service/task_store_mock.go:44.60,49.2 4 1
FinalThreeLayer/service/task_store_mock.go:52.72,55.2 2 1
FinalThreeLayer/service/task_store_mock.go:58.50,63.2 4 1
FinalThreeLayer/service/task_store_mock.go:66.70,69.2 2 1
FinalThreeLayer/service/task_store_mock.go:72.62,78.2 5 1
FinalThreeLayer/service/task_store_mock.go:81.65,84.2 2 1
FinalThreeLayer/service/task_store_mock.go:87.66,93.2 5 1
FinalThreeLayer/service/task_store_mock.go:96.71,99.2 2 1
FinalThreeLayer/service/task_store_mock.go:102.50,107.2 4 1
FinalThreeLayer/service/task_store_mock.go:110.70,113.2 2 1
FinalThreeLayer/service/userService.go:12.51,14.2 1 1
FinalThreeLayer/service/userService.go:16.65,18.21 1 1
FinalThreeLayer/service/userService.go:18.21,20.3 1 1
FinalThreeLayer/service/userService.go:21.2,21.18 1 1
FinalThreeLayer/service/userService.go:21.18,23.3 1 1
FinalThreeLayer/service/userService.go:24.2,24.40 1 1
FinalThreeLayer/service/userService.go:27.71,28.13 1 1
FinalThreeLayer/service/userService.go:28.13,30.3 1 1
FinalThreeLayer/service/userService.go:31.2,31.39 1 1
FinalThreeLayer/service/user_store_mock.go:32.63,36.2 3 1
FinalThreeLayer/service/user_store_mock.go:39.61,41.2 1 1
FinalThreeLayer/service/user_store_mock.go:44.60,49.2 4 1
FinalThreeLayer/service/user_store_mock.go:52.72,55.2 2 1
FinalThreeLayer/service/user_store_mock.go:58.66,64.2 5 1
FinalThreeLayer/service/user_store_mock.go:67.71,70.2 2 1
